.\gradlew.bat : Exception in thread "main" java.lang.RuntimeException: Timeout of 120000 reached waiting for exclusive 
access to file: C:\Users\Administrator\.gradle\wrapper\dists\gradle-8.9-bin\90cnw93cvbtalezasaz0blq0a\gradle-8.9-bin.zi
p
所在位置 C:\Users\Administrator\AppData\Local\Temp\ps-script-f1280f5e-2e92-48f9-a70e-2676a72ea0d2.ps1:80 字符: 283
+ ... nue; Start-Sleep -Seconds 2; .\gradlew.bat assembleDebug 2>&1 | Tee-O ...
+                                  ~~~~~~~~~~~~~~~~~~~~~~~~~~~~~~~~
    + CategoryInfo          : NotSpecified: (Exception in th...dle-8.9-bin.zip:String) [], RemoteException
    + FullyQualifiedErrorId : NativeCommandError
 
	at org.gradle.wrapper.GradleWrapperMain.main(SourceFile:71)
